PS C:\Users\irago\source\repos\Firebase> mkdir ig4llc.dataprovider


    Directory: C:\Users\irago\source\repos\Firebase


Mode                 LastWriteTime         Length Name
----                 -------------         ------ ----
d-----         1/21/2023   6:34 PM                ig4llc.dataprovider


PS C:\Users\irago\source\repos\Firebase> cd ig4llc.dataprovider
PS C:\Users\irago\source\repos\Firebase\ig4llc.dataprovider> npm install firebase

added 90 packages, and audited 91 packages in 11s

3 packages are looking for funding
  run `npm fund` for details

found 0 vulnerabilities
PS C:\Users\irago\source\repos\Firebase\ig4llc.dataprovider> npm install -g firebase-tools
npm WARN deprecated har-validator@5.1.3: this library is no longer supported
npm WARN deprecated debug@4.1.1: Debug versions >=3.2.0 <3.2.7 || >=4 <4.3.1 have a low-severity ReDos regression when used in a Node.js environment. It is recommended you upgrade to 3.2.7 or 4.3.1. (https://github.com/visionmedia/debug/issues/797)      
npm WARN deprecated uuid@3.4.0: Please upgrade  to version 7 or higher.  Older versions may use Math.random() in certain circumstances, which is known to be problematic.  See https://v8.dev/blog/math-random for details.
npm WARN deprecated request@2.88.2: request has been deprecated, see https://github.com/request/request/issues/3142

added 649 packages, and audited 650 packages in 11s

41 packages are looking for funding
  run `npm fund` for details

found 0 vulnerabilities
PS C:\Users\irago\source\repos\Firebase\ig4llc.dataprovider> firebase login
i  Firebase optionally collects CLI and Emulator Suite usage and error reporting information to help improve our products. Data is collected in accordance with Google's privacy policy (https://policies.google.com/privacy) and is not used to identify you.

? Allow Firebase to collect CLI and Emulator Suite usage and error reporting information? Yes
i  To change your data collection preference at any time, run `firebase logout` and log in again.

Visit this URL on this device to log in:
https://accounts.google.com/o/oauth2/auth?client_id=563584335869-fgrhgmd47bqnekij5i8b5pr03ho849e6.apps.googleusercontent.com&scope=email%20openid%20https%3A%2F%2Fwww.googleapis.com%2Fauth%2Fcloudplatformprojects.readonly%20https%3A%2F%2Fwww.googleapis.com%2Fauth%2Ffirebase%20https%3A%2F%2Fwww.googleapis.com%2Fauth%2Fcloud-platform&response_type=code&state=760114651&redirect_uri=http%3A%2F%2Flocalhost%3A9005

Waiting for authentication...

+  Success! Logged in as ira.gordon.iv@gmail.com
PS C:\Users\irago\source\repos\Firebase\ig4llc.dataprovider> firebase init

     ######## #### ########  ######## ########     ###     ######  ########
     ##        ##  ##     ## ##       ##     ##  ##   ##  ##       ##
     ######    ##  ########  ######   ########  #########  ######  ######
     ##        ##  ##    ##  ##       ##     ## ##     ##       ## ##
     ##       #### ##     ## ######## ########  ##     ##  ######  ########

You're about to initialize a Firebase project in this directory:

  C:\Users\irago\source\repos\Firebase\ig4llc.dataprovider

? Are you ready to proceed? Yes
? Which Firebase features do you want to set up for this directory? Press Space to select features, then Enter to confirm your 
choices. 

Error: Must select at least one feature. Use SPACEBAR to select features, or specify a feature by running firebase init [feature_name]
PS C:\Users\irago\source\repos\Firebase\ig4llc.dataprovider> firebase init

     ######## #### ########  ######## ########     ###     ######  ########
     ##        ##  ##     ## ##       ##     ##  ##   ##  ##       ##
     ######    ##  ########  ######   ########  #########  ######  ######
     ##        ##  ##    ##  ##       ##     ## ##     ##       ## ##
     ##       #### ##     ## ######## ########  ##     ##  ######  ########

You're about to initialize a Firebase project in this directory:

  C:\Users\irago\source\repos\Firebase\ig4llc.dataprovider

? Are you ready to proceed? Yes
? Which Firebase features do you want to set up for this directory? Press Space to select features, then Enter to confirm your 
choices. Realtime Database: Configure a security rules file for Realtime Database and (optionally) provision default instance

=== Project Setup

First, let's associate this project directory with a Firebase project.
You can create multiple project aliases by running firebase use --add, 
but for now we'll just set up a default project.

? Please select an option: Use an existing project
? Select a default Firebase project for this directory: fir-demo-project (Firebase Demo Project)
i  Using project fir-demo-project (Firebase Demo Project)

=== Database Setup
i  database: ensuring required API firebasedatabase.googleapis.com is enabled...
+  database: required API firebasedatabase.googleapis.com is enabled


Firebase Realtime Database Security Rules allow you to define how your data should be
structured and when your data can be read from and written to.

? What file should be used for Realtime Database Security Rules? database.rules.json

Error: Failed to fetch current rules. Code: 401

Having trouble? Try firebase [command] --help
PS C:\Users\irago\source\repos\Firebase\ig4llc.dataprovider> 
 *  History restored 